
> estateos-frontend@0.0.0 start
> ng serve --host 127.0.0.1

[33m>[39m Building...
[32m√[39m Building...
[1mInitial chunk files[22m[2m | [22m[1mNames[22m        [2m | [22m [1mRaw size[22m
[32mmain.js[39m            [2m | [22m[2mmain[22m         [2m | [22m[36m274.47 kB[39m[2m | [22m
[32mstyles.css[39m         [2m | [22m[2mstyles[22m       [2m | [22m  [36m7.04 kB[39m[2m | [22m
[32mpolyfills.js[39m       [2m | [22m[2mpolyfills[22m    [2m | [22m [36m95 bytes[39m[2m | [22m

[1m [22m                  [2m | [22m[1mInitial total[22m[2m | [22m[1m281.60 kB[22m

Application bundle generation complete. [2.803 seconds] - 2026-08-02T11:18:02.472Z

Watch mode enabled. Watching for file changes...
NOTE: Raw file sizes do not reflect development server per-request transformations.
  [32m➜[39m  [1mLocal[22m:   [36mhttp://127.0.0.1:[1m4200[22m/[39m
[2m[32m  ➜[39m[22m[2m  press [22m[1mh + enter[22m[2m to show help[22m
[33m>[39m Changes detected. Rebuilding...
[32m√[39m Changes detected. Rebuilding...
[1mInitial chunk files[22m[2m | [22m[1mNames[22m[2m | [22m [1mRaw size[22m
[32mmain.js[39m            [2m | [22m[2mmain[22m [2m | [22m[36m274.47 kB[39m[2m | [22m

Application bundle generation complete. [0.934 seconds] - 2026-08-02T11:59:58.334Z

Page reload sent to client(s).
[33m>[39m Changes detected. Rebuilding...
[32m√[39m Changes detected. Rebuilding...
[1mInitial chunk files[22m[2m | [22m[1mNames[22m        [2m | [22m [1mRaw size[22m
[32mmain.js[39m            [2m | [22m[2mmain[22m         [2m | [22m[36m274.47 kB[39m[2m | [22m
[32mstyles.css[39m         [2m | [22m[2mstyles[22m       [2m | [22m  [36m7.04 kB[39m[2m | [22m
[32mpolyfills.js[39m       [2m | [22m[2mpolyfills[22m    [2m | [22m [36m95 bytes[39m[2m | [22m

[1m [22m                  [2m | [22m[1mInitial total[22m[2m | [22m[1m281.60 kB[22m

Application bundle generation complete. [0.204 seconds] - 2026-08-02T11:59:58.616Z

[33m>[39m Changes detected. Rebuilding...
[32m√[39m Changes detected. Rebuilding...
[1mInitial chunk files[22m[2m | [22m[1mNames[22m[2m | [22m [1mRaw size[22m
[32mmain.js[39m            [2m | [22m[2mmain[22m [2m | [22m[36m274.05 kB[39m[2m | [22m

Application bundle generation complete. [0.493 seconds] - 2026-08-02T11:59:59.837Z

Page reload sent to client(s).
[33m>[39m Changes detected. Rebuilding...
[32m√[39m Changes detected. Rebuilding...
[1mInitial chunk files[22m[2m | [22m[1mNames[22m[2m | [22m [1mRaw size[22m
[32mmain.js[39m            [2m | [22m[2mmain[22m [2m | [22m[36m274.09 kB[39m[2m | [22m

Application bundle generation complete. [0.258 seconds] - 2026-08-02T12:00:00.880Z

Page reload sent to client(s).
[33m>[39m Changes detected. Rebuilding...
[32m√[39m Changes detected. Rebuilding...
[1mInitial chunk files[22m[2m | [22m[1mNames[22m[2m | [22m [1mRaw size[22m
[32mmain.js[39m            [2m | [22m[2mmain[22m [2m | [22m[36m274.19 kB[39m[2m | [22m

Application bundle generation complete. [0.096 seconds] - 2026-08-02T12:00:01.723Z

Page reload sent to client(s).
[33m>[39m Changes detected. Rebuilding...
[32m√[39m Changes detected. Rebuilding...
[1mInitial chunk files[22m[2m | [22m[1mNames[22m        [2m | [22m [1mRaw size[22m
[32mmain.js[39m            [2m | [22m[2mmain[22m         [2m | [22m[36m274.19 kB[39m[2m | [22m
[32mstyles.css[39m         [2m | [22m[2mstyles[22m       [2m | [22m  [36m7.04 kB[39m[2m | [22m
[32mpolyfills.js[39m       [2m | [22m[2mpolyfills[22m    [2m | [22m [36m95 bytes[39m[2m | [22m

[1m [22m                  [2m | [22m[1mInitial total[22m[2m | [22m[1m281.32 kB[22m

Application bundle generation complete. [3.444 seconds] - 2026-08-02T12:55:10.884Z

[33m>[39m Changes detected. Rebuilding...
[32m√[39m Changes detected. Rebuilding...
[1mInitial chunk files[22m[2m | [22m[1mNames[22m[2m | [22m [1mRaw size[22m
[32mmain.js[39m            [2m | [22m[2mmain[22m [2m | [22m[36m275.92 kB[39m[2m | [22m

Application bundle generation complete. [2.363 seconds] - 2026-08-02T12:55:17.769Z

Page reload sent to client(s).
[33m>[39m Changes detected. Rebuilding...
[32m√[39m Changes detected. Rebuilding...
Application bundle generation failed. [0.291 seconds] - 2026-08-02T12:55:32.537Z

[1m[31m[31mX [41;31m[[41;97mERROR[41;31m][0m [1mTS2551: Property 'getProjectBySlug' does not exist on type 'EstateOsService'. Did you mean 'getPropertyBySlug'?[0m [1m[35m[plugin angular-compiler][0m

    src/app/pages/details-page/details-page.component.ts:24:67:
[37m      24 │ ... computed(() => this.estateOsService.[32mgetProjectBySlug[37m(this.slug));
         ╵                                         [32m~~~~~~~~~~~~~~~~[0m

  'getPropertyBySlug' is declared here.

    src/app/shared/services/estate-os.service.ts:191:2:
[37m      191 │   [32mgetPropertyBySlug[37m(slug: string): PropertyListing | undefined {
          ╵   [32m~~~~~~~~~~~~~~~~~[0m

[39m[22m
